c:\users\administrator\workspace\bobsgame\orbis_release\main.o
c:\users\administrator\workspace\bobsgame\orbis_release\system.o
c:\users\administrator\workspace\bobsgame\orbis_release\color.o
c:\users\administrator\workspace\bobsgame\orbis_release\glutils.o
c:\users\administrator\workspace\bobsgame\orbis_release\controlsmanager.o
c:\users\administrator\workspace\bobsgame\orbis_release\captionmanager.o
c:\users\administrator\workspace\bobsgame\orbis_release\caption.o
c:\users\administrator\workspace\bobsgame\orbis_release\bobfont.o
c:\users\administrator\workspace\bobsgame\orbis_release\audiomanager.o
c:\users\administrator\workspace\bobsgame\orbis_release\assetdata.o
c:\users\administrator\workspace\bobsgame\orbis_release\fileutils.o
c:\users\administrator\workspace\bobsgame\orbis_release\easing.o
c:\users\administrator\workspace\bobsgame\orbis_release\gametype.o
c:\users\administrator\workspace\bobsgame\orbis_release\piece.o
c:\users\administrator\workspace\bobsgame\orbis_release\grid.o
c:\users\administrator\workspace\bobsgame\orbis_release\gamelogic.o
c:\users\administrator\workspace\bobsgame\orbis_release\bobsgame.o
c:\users\administrator\workspace\bobsgame\orbis_release\block.o
c:\users\administrator\workspace\bobsgame\orbis_release\logger.o
c:\users\administrator\workspace\bobsgame\orbis_release\texture.o
c:\users\administrator\workspace\bobsgame\orbis_release\consoletext.o
c:\users\administrator\workspace\bobsgame\orbis_release\console.o
c:\users\administrator\workspace\bobsgame\orbis_release\bufferedimage.o
c:\users\administrator\workspace\bobsgame\orbis_release\bobstring.o
c:\users\administrator\workspace\bobsgame\orbis_release\bobmenu.o
c:\users\administrator\workspace\bobsgame\orbis_release\bobmath.o
c:\users\administrator\workspace\bobsgame\orbis_release\bobbool.o
c:\users\administrator\workspace\bobsgame\orbis_release\sound.o
c:\users\administrator\workspace\bobsgame\orbis_release\textwindow.o
c:\users\administrator\workspace\bobsgame\orbis_release\textmanager.o
c:\users\administrator\workspace\bobsgame\orbis_release\youwillbenotifiedstate.o
c:\users\administrator\workspace\bobsgame\orbis_release\titlescreenstate.o
c:\users\administrator\workspace\bobsgame\orbis_release\statemanager.o
c:\users\administrator\workspace\bobsgame\orbis_release\servershaveshutdownstate.o
c:\users\administrator\workspace\bobsgame\orbis_release\loginstate.o
c:\users\administrator\workspace\bobsgame\orbis_release\loggedoutstate.o
c:\users\administrator\workspace\bobsgame\orbis_release\legalmenupanel.o
c:\users\administrator\workspace\bobsgame\orbis_release\keyboardmenupanel.o
c:\users\administrator\workspace\bobsgame\orbis_release\glowtilebackgroundmenupanel.o
c:\users\administrator\workspace\bobsgame\orbis_release\createnewaccountstate.o
c:\users\administrator\workspace\bobsgame\orbis_release\udppeerconnection.o
c:\users\administrator\workspace\bobsgame\orbis_release\bobnet.o
c:\users\administrator\workspace\bobsgame\orbis_release\warparea.o
c:\users\administrator\workspace\bobsgame\orbis_release\mapstatedata.o
c:\users\administrator\workspace\bobsgame\orbis_release\mapstate.o
c:\users\administrator\workspace\bobsgame\orbis_release\mapmanager.o
c:\users\administrator\workspace\bobsgame\orbis_release\mapdata.o
c:\users\administrator\workspace\bobsgame\orbis_release\map.o
c:\users\administrator\workspace\bobsgame\orbis_release\lightdata.o
c:\users\administrator\workspace\bobsgame\orbis_release\light.o
c:\users\administrator\workspace\bobsgame\orbis_release\entitydata.o
c:\users\administrator\workspace\bobsgame\orbis_release\doordata.o
c:\users\administrator\workspace\bobsgame\orbis_release\door.o
c:\users\administrator\workspace\bobsgame\orbis_release\areadata.o
c:\users\administrator\workspace\bobsgame\orbis_release\area.o
c:\users\administrator\workspace\bobsgame\orbis_release\wallet.o
c:\users\administrator\workspace\bobsgame\orbis_release\player.o
c:\users\administrator\workspace\bobsgame\orbis_release\stadiumscreen.o
c:\users\administrator\workspace\bobsgame\orbis_release\bobsgamestadium.o
c:\users\administrator\workspace\bobsgame\orbis_release\ramio.o
c:\users\administrator\workspace\bobsgame\orbis_release\ramiomoneyblock.o
c:\users\administrator\workspace\bobsgame\orbis_release\ramioguy.o
c:\users\administrator\workspace\bobsgame\orbis_release\ramiobrickblock.o
c:\users\administrator\workspace\bobsgame\orbis_release\ramioboba.o
c:\users\administrator\workspace\bobsgame\orbis_release\ramioblock.o
c:\users\administrator\workspace\bobsgame\orbis_release\ramiobackground.o
c:\users\administrator\workspace\bobsgame\orbis_release\ping.o
c:\users\administrator\workspace\bobsgame\orbis_release\pingpaddle.o
c:\users\administrator\workspace\bobsgame\orbis_release\pingball.o
c:\users\administrator\workspace\bobsgame\orbis_release\pingbackground.o
c:\users\administrator\workspace\bobsgame\orbis_release\ndmenuwheelitem.o
c:\users\administrator\workspace\bobsgame\orbis_release\ndmenumovie.o
c:\users\administrator\workspace\bobsgame\orbis_release\ndmenuinfopanel.o
c:\users\administrator\workspace\bobsgame\orbis_release\ndmenuwheel.o
c:\users\administrator\workspace\bobsgame\orbis_release\ndmenubackground.o
c:\users\administrator\workspace\bobsgame\orbis_release\ndmenu.o
c:\users\administrator\workspace\bobsgame\orbis_release\ndgameengine.o
c:\users\administrator\workspace\bobsgame\orbis_release\nd.o
c:\users\administrator\workspace\bobsgame\orbis_release\gamedataloader.o
c:\users\administrator\workspace\bobsgame\orbis_release\minigameengine.o
c:\users\administrator\workspace\bobsgame\orbis_release\item.o
c:\users\administrator\workspace\bobsgame\orbis_release\subpanel.o
c:\users\administrator\workspace\bobsgame\orbis_release\statuspanel.o
c:\users\administrator\workspace\bobsgame\orbis_release\settingspanel.o
c:\users\administrator\workspace\bobsgame\orbis_release\messagespanel.o
c:\users\administrator\workspace\bobsgame\orbis_release\logspanel.o
c:\users\administrator\workspace\bobsgame\orbis_release\itemspanel.o
c:\users\administrator\workspace\bobsgame\orbis_release\friendspanel.o
c:\users\administrator\workspace\bobsgame\orbis_release\debuginfopanel.o
c:\users\administrator\workspace\bobsgame\orbis_release\controlspanel.o
c:\users\administrator\workspace\bobsgame\orbis_release\stuffmenu.o
c:\users\administrator\workspace\bobsgame\orbis_release\statusbar.o
c:\users\administrator\workspace\bobsgame\orbis_release\notification.o
c:\users\administrator\workspace\bobsgame\orbis_release\notificationmanager.o
c:\users\administrator\workspace\bobsgame\orbis_release\statusbarcaption.o
c:\users\administrator\workspace\bobsgame\orbis_release\moneycaption.o
c:\users\administrator\workspace\bobsgame\orbis_release\daycaption.o
c:\users\administrator\workspace\bobsgame\orbis_release\clockcaption.o
c:\users\administrator\workspace\bobsgame\orbis_release\stuffbutton.o
c:\users\administrator\workspace\bobsgame\orbis_release\statusbarbutton.o
c:\users\administrator\workspace\bobsgame\orbis_release\ndbutton.o
c:\users\administrator\workspace\bobsgame\orbis_release\gamestorebutton.o
c:\users\administrator\workspace\bobsgame\orbis_release\playereditmenu.o
c:\users\administrator\workspace\bobsgame\orbis_release\menupanel.o
c:\users\administrator\workspace\bobsgame\orbis_release\guimanager.o
c:\users\administrator\workspace\bobsgame\orbis_release\gamestore.o
c:\users\administrator\workspace\bobsgame\orbis_release\gameitem.o
c:\users\administrator\workspace\bobsgame\orbis_release\gamechallengenotificationpanel.o
c:\users\administrator\workspace\bobsgame\orbis_release\countrycodes.o
c:\users\administrator\workspace\bobsgame\orbis_release\easingtest.o
c:\users\administrator\workspace\bobsgame\orbis_release\clock.o
c:\users\administrator\workspace\bobsgame\orbis_release\gamesave.o
c:\users\administrator\workspace\bobsgame\orbis_release\friendmanager.o
c:\users\administrator\workspace\bobsgame\orbis_release\friendcharacter.o
c:\users\administrator\workspace\bobsgame\orbis_release\bgclientengine.o
c:\users\administrator\workspace\bobsgame\orbis_release\skilldata.o
c:\users\administrator\workspace\bobsgame\orbis_release\skill.o
c:\users\administrator\workspace\bobsgame\orbis_release\serverobject.o
c:\users\administrator\workspace\bobsgame\orbis_release\audiofile.o
c:\users\administrator\workspace\bobsgame\orbis_release\audiodata.o
c:\users\administrator\workspace\bobsgame\orbis_release\gametestmenu.o
c:\users\administrator\workspace\bobsgame\orbis_release\bobsgamenetwork.o
c:\users\administrator\workspace\bobsgame\orbis_release\gamesequenceeditor.o
c:\users\administrator\workspace\bobsgame\orbis_release\gamesequence.o
c:\users\administrator\workspace\bobsgame\orbis_release\customgameeditor.o
c:\users\administrator\workspace\bobsgame\orbis_release\gamestringdata.o
c:\users\administrator\workspace\bobsgame\orbis_release\gamestring.o
c:\users\administrator\workspace\bobsgame\orbis_release\flagdata.o
c:\users\administrator\workspace\bobsgame\orbis_release\flag.o
c:\users\administrator\workspace\bobsgame\orbis_release\eventparameter.o
c:\users\administrator\workspace\bobsgame\orbis_release\eventmanager.o
c:\users\administrator\workspace\bobsgame\orbis_release\eventdata.o
c:\users\administrator\workspace\bobsgame\orbis_release\eventcommand.o
c:\users\administrator\workspace\bobsgame\orbis_release\event.o
c:\users\administrator\workspace\bobsgame\orbis_release\dialoguedata.o
c:\users\administrator\workspace\bobsgame\orbis_release\dialogue.o
c:\users\administrator\workspace\bobsgame\orbis_release\actionmanager.o
c:\users\administrator\workspace\bobsgame\orbis_release\spritemanager.o
c:\users\administrator\workspace\bobsgame\orbis_release\spritedata.o
c:\users\administrator\workspace\bobsgame\orbis_release\spriteanimationsequence.o
c:\users\administrator\workspace\bobsgame\orbis_release\sprite.o
c:\users\administrator\workspace\bobsgame\orbis_release\screensprite.o
c:\users\administrator\workspace\bobsgame\orbis_release\randomcharacter.o
c:\users\administrator\workspace\bobsgame\orbis_release\pathfinder.o
c:\users\administrator\workspace\bobsgame\orbis_release\entity.o
c:\users\administrator\workspace\bobsgame\orbis_release\character.o
c:\users\administrator\workspace\bobsgame\orbis_release\cameraman.o
c:\users\administrator\workspace\bobsgame\orbis_release\enginepart.o
c:\users\administrator\workspace\bobsgame\orbis_release\engine.o
c:\users\administrator\workspace\bobsgame\orbis_release\screenoverlay.o
c:\users\administrator\workspace\bobsgame\orbis_release\letterbox.o
c:\users\administrator\workspace\bobsgame\orbis_release\cinematicsmanager.o
c:\users\administrator\workspace\bobsgame\orbis_release\bobsgamemenus.o
c:\users\administrator\workspace\bobsgame\orbis_release\logostate.o
c:\users\administrator\workspace\bobsgame\orbis_release\tcpserverconnection.o
c:\users\administrator\workspace\bobsgame\orbis_release\tinfl.o
c:\users\administrator\workspace\bobsgame\orbis_release\timer.o
c:\users\administrator\workspace\bobsgame\orbis_release\md5.o
c:\users\administrator\workspace\bobsgame\orbis_release\xxhash.o
c:\users\administrator\workspace\bobsgame\orbis_release\lz4hc.o
c:\users\administrator\workspace\bobsgame\orbis_release\lz4frame.o
c:\users\administrator\workspace\bobsgame\orbis_release\lz4.o
c:\users\administrator\workspace\bobsgame\orbis_release\hq2x.o
c:\users\administrator\workspace\bobsgame\orbis_release\gwen_input_sdl2.o
c:\users\administrator\workspace\bobsgame\orbis_release\gweninputps4.o
c:\users\administrator\workspace\bobsgame\orbis_release\glew.o
c:\users\administrator\workspace\bobsgame\orbis_release\stdafx.o
c:\users\administrator\workspace\bobsgame\orbis_release\archive_exception.o
c:\users\administrator\workspace\bobsgame\orbis_release\basegfxcontext.o
c:\users\administrator\workspace\bobsgame\orbis_release\basic_archive.o
c:\users\administrator\workspace\bobsgame\orbis_release\basic_iarchive.o
c:\users\administrator\workspace\bobsgame\orbis_release\basic_iserializer.o
c:\users\administrator\workspace\bobsgame\orbis_release\basic_oarchive.o
c:\users\administrator\workspace\bobsgame\orbis_release\basic_oserializer.o
c:\users\administrator\workspace\bobsgame\orbis_release\basic_pointer_iserializer.o
c:\users\administrator\workspace\bobsgame\orbis_release\basic_pointer_oserializer.o
c:\users\administrator\workspace\bobsgame\orbis_release\basic_serializer_map.o
c:\users\administrator\workspace\bobsgame\orbis_release\basic_text_iprimitive.o
c:\users\administrator\workspace\bobsgame\orbis_release\basic_text_oprimitive.o
c:\users\administrator\workspace\bobsgame\orbis_release\basic_text_wiprimitive.o
c:\users\administrator\workspace\bobsgame\orbis_release\basic_text_woprimitive.o
c:\users\administrator\workspace\bobsgame\orbis_release\basic_xml_archive.o
c:\users\administrator\workspace\bobsgame\orbis_release\binary_iarchive.o
c:\users\administrator\workspace\bobsgame\orbis_release\binary_oarchive.o
c:\users\administrator\workspace\bobsgame\orbis_release\binary_wiarchive.o
c:\users\administrator\workspace\bobsgame\orbis_release\binary_woarchive.o
c:\users\administrator\workspace\bobsgame\orbis_release\codecvt_null.o
c:\users\administrator\workspace\bobsgame\orbis_release\computecontext.o
c:\users\administrator\workspace\bobsgame\orbis_release\computequeue.o
c:\users\administrator\workspace\bobsgame\orbis_release\cue-deprecated.o
c:\users\administrator\workspace\bobsgame\orbis_release\cue-dispatchdraw.o
c:\users\administrator\workspace\bobsgame\orbis_release\cue-resource.o
c:\users\administrator\workspace\bobsgame\orbis_release\cue-shader.o
c:\users\administrator\workspace\bobsgame\orbis_release\cue-static.o
c:\users\administrator\workspace\bobsgame\orbis_release\cue.o
c:\users\administrator\workspace\bobsgame\orbis_release\dispatchdraw.o
c:\users\administrator\workspace\bobsgame\orbis_release\extended_type_info.o
c:\users\administrator\workspace\bobsgame\orbis_release\extended_type_info_no_rtti.o
c:\users\administrator\workspace\bobsgame\orbis_release\extended_type_info_typeid.o
c:\users\administrator\workspace\bobsgame\orbis_release\fetchshaderhelper.o
c:\users\administrator\workspace\bobsgame\orbis_release\gfxcontext.o
c:\users\administrator\workspace\bobsgame\orbis_release\helpers.o
c:\users\administrator\workspace\bobsgame\orbis_release\lwcue_base.o
c:\users\administrator\workspace\bobsgame\orbis_release\lwcue_compute.o
c:\users\administrator\workspace\bobsgame\orbis_release\lwcue_graphics.o
c:\users\administrator\workspace\bobsgame\orbis_release\lwcue_validation.o
c:\users\administrator\workspace\bobsgame\orbis_release\lwgfxcontext.o
c:\users\administrator\workspace\bobsgame\orbis_release\polymorphic_iarchive.o
c:\users\administrator\workspace\bobsgame\orbis_release\polymorphic_oarchive.o
c:\users\administrator\workspace\bobsgame\orbis_release\resourcebarrier.o
c:\users\administrator\workspace\bobsgame\orbis_release\shader_parser.o
c:\users\administrator\workspace\bobsgame\orbis_release\singleton.o
c:\users\administrator\workspace\bobsgame\orbis_release\stl_port.o
c:\users\administrator\workspace\bobsgame\orbis_release\surfacetool.o
c:\users\administrator\workspace\bobsgame\orbis_release\text_iarchive.o
c:\users\administrator\workspace\bobsgame\orbis_release\text_oarchive.o
c:\users\administrator\workspace\bobsgame\orbis_release\text_wiarchive.o
c:\users\administrator\workspace\bobsgame\orbis_release\text_woarchive.o
c:\users\administrator\workspace\bobsgame\orbis_release\utf8_codecvt_facet.o
c:\users\administrator\workspace\bobsgame\orbis_release\void_cast.o
c:\users\administrator\workspace\bobsgame\orbis_release\xml_archive_exception.o
c:\users\administrator\workspace\bobsgame\orbis_release\xml_grammar.o
c:\users\administrator\workspace\bobsgame\orbis_release\xml_iarchive.o
c:\users\administrator\workspace\bobsgame\orbis_release\xml_oarchive.o
c:\users\administrator\workspace\bobsgame\orbis_release\xml_wgrammar.o
c:\users\administrator\workspace\bobsgame\orbis_release\xml_wiarchive.o
c:\users\administrator\workspace\bobsgame\orbis_release\xml_woarchive.o
c:\users\administrator\workspace\bobsgame\orbis_release\bobsgame.tlog\orbis-clang-cl.command.1.tlog
c:\users\administrator\workspace\bobsgame\orbis_release\bobsgame.tlog\orbis-clang-cl.read.1.tlog
c:\users\administrator\workspace\bobsgame\orbis_release\bobsgame.tlog\orbis-clang-cl.write.1.tlog
