c:\users\bob\workspace\bobsgame ps4\orbis_debug\sampleutil_ascii.obj
c:\users\bob\workspace\bobsgame ps4\orbis_debug\sampleutil_fill2d_f_sb.obj
c:\users\bob\workspace\bobsgame ps4\orbis_debug\sampleutil_fill2d_v_sb.obj
c:\users\bob\workspace\bobsgame ps4\orbis_debug\sampleutil_clear_p_sb.obj
c:\users\bob\workspace\bobsgame ps4\orbis_debug\sampleutil_clear_vv_sb.obj
c:\users\bob\workspace\bobsgame ps4\orbis_debug\sampleutil_point_sprite2d_f_sb.obj
c:\users\bob\workspace\bobsgame ps4\orbis_debug\sampleutil_point_sprite2d_v_sb.obj
c:\users\bob\workspace\bobsgame ps4\orbis_debug\sampleutil_sprite2d_f_sb.obj
c:\users\bob\workspace\bobsgame ps4\orbis_debug\sampleutil_sprite2d_v_sb.obj
c:\users\bob\workspace\bobsgame ps4\orbis_debug\sampleutil_collada_skinning_phong_f_sb.obj
c:\users\bob\workspace\bobsgame ps4\orbis_debug\sampleutil_collada_skinning_phong_v_sb.obj
c:\users\bob\workspace\bobsgame ps4\orbis_debug\sampleutil_sprite2d_2_f_sb.obj
c:\users\bob\workspace\bobsgame ps4\orbis_debug\sampleutil_sprite2d_2_v_sb.obj
c:\users\bob\workspace\bobsgame ps4\orbis_debug\sampleutil_sprite2d_yuy2_f_sb.obj
c:\users\bob\workspace\bobsgame ps4\orbis_debug\sampleutil_sprite2d_yuy2_v_sb.obj
c:\users\bob\workspace\bobsgame ps4\orbis_debug\sampleutil_fill3d_f_sb.obj
c:\users\bob\workspace\bobsgame ps4\orbis_debug\sampleutil_fill3d_v_sb.obj
c:\users\bob\workspace\bobsgame ps4\orbis_debug\sampleutil_wireframe_f_sb.obj
c:\users\bob\workspace\bobsgame ps4\orbis_debug\sampleutil_wireframe_v_sb.obj
c:\users\bob\workspace\bobsgame ps4\orbis_debug\sampleutil_sprite2d_ycbcr_f_sb.obj
c:\users\bob\workspace\bobsgame ps4\orbis_debug\sampleutil_sprite2d_ycbcr_v_sb.obj
c:\users\bob\workspace\bobsgame ps4\orbis_debug\bobsgame.pch
c:\users\bob\workspace\bobsgame ps4\orbis_debug\glew.o
c:\users\bob\workspace\bobsgame ps4\orbis_debug\gweninputps4.o
c:\users\bob\workspace\bobsgame ps4\orbis_debug\gwen_input_sdl2.o
c:\users\bob\workspace\bobsgame ps4\orbis_debug\hq2x.o
c:\users\bob\workspace\bobsgame ps4\orbis_debug\lz4.o
c:\users\bob\workspace\bobsgame ps4\orbis_debug\lz4frame.o
c:\users\bob\workspace\bobsgame ps4\orbis_debug\lz4hc.o
c:\users\bob\workspace\bobsgame ps4\orbis_debug\xxhash.o
c:\users\bob\workspace\bobsgame ps4\orbis_debug\md5.o
c:\users\bob\workspace\bobsgame ps4\orbis_debug\timer.o
c:\users\bob\workspace\bobsgame ps4\orbis_debug\tinfl.o
c:\users\bob\workspace\bobsgame ps4\orbis_debug\tcpserverconnection.o
c:\users\bob\workspace\bobsgame ps4\orbis_debug\logostate.o
c:\users\bob\workspace\bobsgame ps4\orbis_debug\api_mouse.o
c:\users\bob\workspace\bobsgame ps4\orbis_debug\sdl_blit.o
c:\users\bob\workspace\bobsgame ps4\orbis_debug\sdl_blit_0.o
c:\users\bob\workspace\bobsgame ps4\orbis_debug\sdl_blit_1.o
c:\users\bob\workspace\bobsgame ps4\orbis_debug\sdl_blit_a.o
c:\users\bob\workspace\bobsgame ps4\orbis_debug\sdl_blit_auto.o
c:\users\bob\workspace\bobsgame ps4\orbis_debug\sdl_blit_copy.o
c:\users\bob\workspace\bobsgame ps4\orbis_debug\sdl_blit_n.o
c:\users\bob\workspace\bobsgame ps4\orbis_debug\sdl_blit_slow.o
c:\users\bob\workspace\bobsgame ps4\orbis_debug\sdl_fillrect.o
c:\users\bob\workspace\bobsgame ps4\orbis_debug\sdl_pixels.o
c:\users\bob\workspace\bobsgame ps4\orbis_debug\sdl_rect.o
c:\users\bob\workspace\bobsgame ps4\orbis_debug\sdl_rleaccel.o
c:\users\bob\workspace\bobsgame ps4\orbis_debug\sdl_rwops.o
c:\users\bob\workspace\bobsgame ps4\orbis_debug\sdl_surface.o
c:\users\bob\workspace\bobsgame ps4\orbis_debug\sdl_ttf.o
c:\users\bob\workspace\bobsgame ps4\orbis_debug\audio.o
c:\users\bob\workspace\bobsgame ps4\orbis_debug\audio_data.o
c:\users\bob\workspace\bobsgame ps4\orbis_debug\ngs2_context.o
c:\users\bob\workspace\bobsgame ps4\orbis_debug\ngs2_data.o
c:\users\bob\workspace\bobsgame ps4\orbis_debug\ngs2_rack.o
c:\users\bob\workspace\bobsgame ps4\orbis_debug\ngs2_stream.o
c:\users\bob\workspace\bobsgame ps4\orbis_debug\ngs2_thread.o
c:\users\bob\workspace\bobsgame ps4\orbis_debug\ngs2_voice.o
c:\users\bob\workspace\bobsgame ps4\orbis_debug\ngs_audio_util.o
c:\users\bob\workspace\bobsgame ps4\orbis_debug\ngs_buss.o
c:\users\bob\workspace\bobsgame ps4\orbis_debug\ngs_context.o
c:\users\bob\workspace\bobsgame ps4\orbis_debug\ngs_data.o
c:\users\bob\workspace\bobsgame ps4\orbis_debug\ngs_module.o
c:\users\bob\workspace\bobsgame ps4\orbis_debug\ngs_stream.o
c:\users\bob\workspace\bobsgame ps4\orbis_debug\ngs_voice.o
c:\users\bob\workspace\bobsgame ps4\orbis_debug\ngs_worker_thread.o
c:\users\bob\workspace\bobsgame ps4\orbis_debug\debug_menu_item_group.o
c:\users\bob\workspace\bobsgame ps4\orbis_debug\menu.o
c:\users\bob\workspace\bobsgame ps4\orbis_debug\console.o
c:\users\bob\workspace\bobsgame ps4\orbis_debug\buffer.o
c:\users\bob\workspace\bobsgame ps4\orbis_debug\collada.o
c:\users\bob\workspace\bobsgame ps4\orbis_debug\collada_animation.o
c:\users\bob\workspace\bobsgame ps4\orbis_debug\collada_base.o
c:\users\bob\workspace\bobsgame ps4\orbis_debug\collada_controller.o
c:\users\bob\workspace\bobsgame ps4\orbis_debug\collada_effect.o
c:\users\bob\workspace\bobsgame ps4\orbis_debug\collada_geometry.o
c:\users\bob\workspace\bobsgame ps4\orbis_debug\collada_image.o
c:\users\bob\workspace\bobsgame ps4\orbis_debug\collada_scene.o
c:\users\bob\workspace\bobsgame ps4\orbis_debug\collada_util.o
c:\users\bob\workspace\bobsgame ps4\orbis_debug\dae_animation.o
c:\users\bob\workspace\bobsgame ps4\orbis_debug\dae_control.o
c:\users\bob\workspace\bobsgame ps4\orbis_debug\dae_data_flow.o
c:\users\bob\workspace\bobsgame ps4\orbis_debug\dae_effect.o
c:\users\bob\workspace\bobsgame ps4\orbis_debug\dae_geom.o
c:\users\bob\workspace\bobsgame ps4\orbis_debug\dae_geometry.o
c:\users\bob\workspace\bobsgame ps4\orbis_debug\dae_scene.o
c:\users\bob\workspace\bobsgame ps4\orbis_debug\dae_transform.o
c:\users\bob\workspace\bobsgame ps4\orbis_debug\effect.o
c:\users\bob\workspace\bobsgame ps4\orbis_debug\font.o
c:\users\bob\workspace\bobsgame ps4\orbis_debug\frame_buffer.o
c:\users\bob\workspace\bobsgame ps4\orbis_debug\image.o
c:\users\bob\workspace\bobsgame ps4\orbis_debug\loader.o
c:\users\bob\workspace\bobsgame ps4\orbis_debug\buffer_gnm.o
c:\users\bob\workspace\bobsgame ps4\orbis_debug\constant_gnm.o
c:\users\bob\workspace\bobsgame ps4\orbis_debug\context_gnm.o
c:\users\bob\workspace\bobsgame ps4\orbis_debug\font_orbis.o
c:\users\bob\workspace\bobsgame ps4\orbis_debug\frame_buffer_gnm.o
c:\users\bob\workspace\bobsgame ps4\orbis_debug\heap_gnm.o
c:\users\bob\workspace\bobsgame ps4\orbis_debug\image_gnm.o
c:\users\bob\workspace\bobsgame ps4\orbis_debug\loader_gnm.o
c:\users\bob\workspace\bobsgame ps4\orbis_debug\memory_gnm.o
c:\users\bob\workspace\bobsgame ps4\orbis_debug\program_gnm.o
c:\users\bob\workspace\bobsgame ps4\orbis_debug\render_target_gnm.o
c:\users\bob\workspace\bobsgame ps4\orbis_debug\shader_loader_gnm.o
c:\users\bob\workspace\bobsgame ps4\orbis_debug\texture_gnm.o
c:\users\bob\workspace\bobsgame ps4\orbis_debug\program.o
c:\users\bob\workspace\bobsgame ps4\orbis_debug\sprite.o
c:\users\bob\workspace\bobsgame ps4\orbis_debug\sprite_effect_2d.o
c:\users\bob\workspace\bobsgame ps4\orbis_debug\texture.o
c:\users\bob\workspace\bobsgame ps4\orbis_debug\controller_common.o
c:\users\bob\workspace\bobsgame ps4\orbis_debug\pad_orbis.o
c:\users\bob\workspace\bobsgame ps4\orbis_debug\pad_common.o
c:\users\bob\workspace\bobsgame ps4\orbis_debug\dllmain.o
c:\users\bob\workspace\bobsgame ps4\orbis_debug\resource_manager.o
c:\users\bob\workspace\bobsgame ps4\orbis_debug\sampleutil_common.o
c:\users\bob\workspace\bobsgame ps4\orbis_debug\skeleton.o
c:\users\bob\workspace\bobsgame ps4\orbis_debug\save_data_orbis.o
c:\users\bob\workspace\bobsgame ps4\orbis_debug\user_orbis.o
c:\users\bob\workspace\bobsgame ps4\orbis_debug\util.o
c:\users\bob\workspace\bobsgame ps4\orbis_debug\util_streaming.o
c:\users\bob\workspace\bobsgame ps4\orbis_debug\bobsgamemenus.o
c:\users\bob\workspace\bobsgame ps4\orbis_debug\cinematicsmanager.o
c:\users\bob\workspace\bobsgame ps4\orbis_debug\letterbox.o
c:\users\bob\workspace\bobsgame ps4\orbis_debug\screenoverlay.o
c:\users\bob\workspace\bobsgame ps4\orbis_debug\engine.o
c:\users\bob\workspace\bobsgame ps4\orbis_debug\enginepart.o
c:\users\bob\workspace\bobsgame ps4\orbis_debug\cameraman.o
c:\users\bob\workspace\bobsgame ps4\orbis_debug\character.o
c:\users\bob\workspace\bobsgame ps4\orbis_debug\entity.o
c:\users\bob\workspace\bobsgame ps4\orbis_debug\pathfinder.o
c:\users\bob\workspace\bobsgame ps4\orbis_debug\randomcharacter.o
c:\users\bob\workspace\bobsgame ps4\orbis_debug\screensprite.o
c:\users\bob\workspace\bobsgame ps4\orbis_debug\bobsprite.o
c:\users\bob\workspace\bobsgame ps4\orbis_debug\spriteanimationsequence.o
c:\users\bob\workspace\bobsgame ps4\orbis_debug\spritedata.o
c:\users\bob\workspace\bobsgame ps4\orbis_debug\spritemanager.o
c:\users\bob\workspace\bobsgame ps4\orbis_debug\actionmanager.o
c:\users\bob\workspace\bobsgame ps4\orbis_debug\dialogue.o
c:\users\bob\workspace\bobsgame ps4\orbis_debug\dialoguedata.o
c:\users\bob\workspace\bobsgame ps4\orbis_debug\bobevent.o
c:\users\bob\workspace\bobsgame ps4\orbis_debug\eventcommand.o
c:\users\bob\workspace\bobsgame ps4\orbis_debug\eventdata.o
c:\users\bob\workspace\bobsgame ps4\orbis_debug\eventmanager.o
c:\users\bob\workspace\bobsgame ps4\orbis_debug\eventparameter.o
c:\users\bob\workspace\bobsgame ps4\orbis_debug\flag.o
c:\users\bob\workspace\bobsgame ps4\orbis_debug\flagdata.o
c:\users\bob\workspace\bobsgame ps4\orbis_debug\gamestring.o
c:\users\bob\workspace\bobsgame ps4\orbis_debug\gamestringdata.o
c:\users\bob\workspace\bobsgame ps4\orbis_debug\customgameeditor.o
c:\users\bob\workspace\bobsgame ps4\orbis_debug\gamesequence.o
c:\users\bob\workspace\bobsgame ps4\orbis_debug\gamesequenceeditor.o
c:\users\bob\workspace\bobsgame ps4\orbis_debug\bobsgamenetwork.o
c:\users\bob\workspace\bobsgame ps4\orbis_debug\gametestmenu.o
c:\users\bob\workspace\bobsgame ps4\orbis_debug\audiodata.o
c:\users\bob\workspace\bobsgame ps4\orbis_debug\audiofile.o
c:\users\bob\workspace\bobsgame ps4\orbis_debug\serverobject.o
c:\users\bob\workspace\bobsgame ps4\orbis_debug\skill.o
c:\users\bob\workspace\bobsgame ps4\orbis_debug\skilldata.o
c:\users\bob\workspace\bobsgame ps4\orbis_debug\bgclientengine.o
c:\users\bob\workspace\bobsgame ps4\orbis_debug\friendcharacter.o
c:\users\bob\workspace\bobsgame ps4\orbis_debug\friendmanager.o
c:\users\bob\workspace\bobsgame ps4\orbis_debug\gamesave.o
c:\users\bob\workspace\bobsgame ps4\orbis_debug\clock.o
c:\users\bob\workspace\bobsgame ps4\orbis_debug\easingtest.o
c:\users\bob\workspace\bobsgame ps4\orbis_debug\countrycodes.o
c:\users\bob\workspace\bobsgame ps4\orbis_debug\gamechallengenotificationpanel.o
c:\users\bob\workspace\bobsgame ps4\orbis_debug\gameitem.o
c:\users\bob\workspace\bobsgame ps4\orbis_debug\gamestore.o
c:\users\bob\workspace\bobsgame ps4\orbis_debug\guimanager.o
c:\users\bob\workspace\bobsgame ps4\orbis_debug\menupanel.o
c:\users\bob\workspace\bobsgame ps4\orbis_debug\playereditmenu.o
c:\users\bob\workspace\bobsgame ps4\orbis_debug\gamestorebutton.o
c:\users\bob\workspace\bobsgame ps4\orbis_debug\ndbutton.o
c:\users\bob\workspace\bobsgame ps4\orbis_debug\statusbarbutton.o
c:\users\bob\workspace\bobsgame ps4\orbis_debug\stuffbutton.o
c:\users\bob\workspace\bobsgame ps4\orbis_debug\clockcaption.o
c:\users\bob\workspace\bobsgame ps4\orbis_debug\daycaption.o
c:\users\bob\workspace\bobsgame ps4\orbis_debug\moneycaption.o
c:\users\bob\workspace\bobsgame ps4\orbis_debug\statusbarcaption.o
c:\users\bob\workspace\bobsgame ps4\orbis_debug\notificationmanager.o
c:\users\bob\workspace\bobsgame ps4\orbis_debug\notification.o
c:\users\bob\workspace\bobsgame ps4\orbis_debug\statusbar.o
c:\users\bob\workspace\bobsgame ps4\orbis_debug\stuffmenu.o
c:\users\bob\workspace\bobsgame ps4\orbis_debug\controlspanel.o
c:\users\bob\workspace\bobsgame ps4\orbis_debug\debuginfopanel.o
c:\users\bob\workspace\bobsgame ps4\orbis_debug\friendspanel.o
c:\users\bob\workspace\bobsgame ps4\orbis_debug\itemspanel.o
c:\users\bob\workspace\bobsgame ps4\orbis_debug\logspanel.o
c:\users\bob\workspace\bobsgame ps4\orbis_debug\messagespanel.o
c:\users\bob\workspace\bobsgame ps4\orbis_debug\settingspanel.o
c:\users\bob\workspace\bobsgame ps4\orbis_debug\statuspanel.o
c:\users\bob\workspace\bobsgame ps4\orbis_debug\subpanel.o
c:\users\bob\workspace\bobsgame ps4\orbis_debug\item.o
c:\users\bob\workspace\bobsgame ps4\orbis_debug\minigameengine.o
c:\users\bob\workspace\bobsgame ps4\orbis_debug\gamedataloader.o
c:\users\bob\workspace\bobsgame ps4\orbis_debug\nd.o
c:\users\bob\workspace\bobsgame ps4\orbis_debug\ndgameengine.o
c:\users\bob\workspace\bobsgame ps4\orbis_debug\ndmenu.o
c:\users\bob\workspace\bobsgame ps4\orbis_debug\ndmenubackground.o
c:\users\bob\workspace\bobsgame ps4\orbis_debug\ndmenuwheel.o
c:\users\bob\workspace\bobsgame ps4\orbis_debug\ndmenuinfopanel.o
c:\users\bob\workspace\bobsgame ps4\orbis_debug\ndmenumovie.o
c:\users\bob\workspace\bobsgame ps4\orbis_debug\ndmenuwheelitem.o
c:\users\bob\workspace\bobsgame ps4\orbis_debug\pingbackground.o
c:\users\bob\workspace\bobsgame ps4\orbis_debug\pingball.o
c:\users\bob\workspace\bobsgame ps4\orbis_debug\pingpaddle.o
c:\users\bob\workspace\bobsgame ps4\orbis_debug\ping.o
c:\users\bob\workspace\bobsgame ps4\orbis_debug\ramiobackground.o
c:\users\bob\workspace\bobsgame ps4\orbis_debug\ramioblock.o
c:\users\bob\workspace\bobsgame ps4\orbis_debug\ramioboba.o
c:\users\bob\workspace\bobsgame ps4\orbis_debug\ramiobrickblock.o
c:\users\bob\workspace\bobsgame ps4\orbis_debug\ramioguy.o
c:\users\bob\workspace\bobsgame ps4\orbis_debug\ramiomoneyblock.o
c:\users\bob\workspace\bobsgame ps4\orbis_debug\ramio.o
c:\users\bob\workspace\bobsgame ps4\orbis_debug\bobsgamestadium.o
c:\users\bob\workspace\bobsgame ps4\orbis_debug\stadiumscreen.o
c:\users\bob\workspace\bobsgame ps4\orbis_debug\player.o
c:\users\bob\workspace\bobsgame ps4\orbis_debug\wallet.o
c:\users\bob\workspace\bobsgame ps4\orbis_debug\area.o
c:\users\bob\workspace\bobsgame ps4\orbis_debug\areadata.o
c:\users\bob\workspace\bobsgame ps4\orbis_debug\door.o
c:\users\bob\workspace\bobsgame ps4\orbis_debug\doordata.o
c:\users\bob\workspace\bobsgame ps4\orbis_debug\entitydata.o
c:\users\bob\workspace\bobsgame ps4\orbis_debug\light.o
c:\users\bob\workspace\bobsgame ps4\orbis_debug\lightdata.o
c:\users\bob\workspace\bobsgame ps4\orbis_debug\map.o
c:\users\bob\workspace\bobsgame ps4\orbis_debug\mapdata.o
c:\users\bob\workspace\bobsgame ps4\orbis_debug\mapmanager.o
c:\users\bob\workspace\bobsgame ps4\orbis_debug\mapstate.o
c:\users\bob\workspace\bobsgame ps4\orbis_debug\mapstatedata.o
c:\users\bob\workspace\bobsgame ps4\orbis_debug\warparea.o
c:\users\bob\workspace\bobsgame ps4\orbis_debug\bobnet.o
c:\users\bob\workspace\bobsgame ps4\orbis_debug\udppeerconnection.o
c:\users\bob\workspace\bobsgame ps4\orbis_debug\createnewaccountstate.o
c:\users\bob\workspace\bobsgame ps4\orbis_debug\glowtilebackgroundmenupanel.o
c:\users\bob\workspace\bobsgame ps4\orbis_debug\keyboardmenupanel.o
c:\users\bob\workspace\bobsgame ps4\orbis_debug\legalmenupanel.o
c:\users\bob\workspace\bobsgame ps4\orbis_debug\loggedoutstate.o
c:\users\bob\workspace\bobsgame ps4\orbis_debug\loginstate.o
c:\users\bob\workspace\bobsgame ps4\orbis_debug\servershaveshutdownstate.o
c:\users\bob\workspace\bobsgame ps4\orbis_debug\statemanager.o
c:\users\bob\workspace\bobsgame ps4\orbis_debug\titlescreenstate.o
c:\users\bob\workspace\bobsgame ps4\orbis_debug\youwillbenotifiedstate.o
c:\users\bob\workspace\bobsgame ps4\orbis_debug\textmanager.o
c:\users\bob\workspace\bobsgame ps4\orbis_debug\textwindow.o
c:\users\bob\workspace\bobsgame ps4\orbis_debug\sound.o
c:\users\bob\workspace\bobsgame ps4\orbis_debug\bobbool.o
c:\users\bob\workspace\bobsgame ps4\orbis_debug\bobmath.o
c:\users\bob\workspace\bobsgame ps4\orbis_debug\bobmenu.o
c:\users\bob\workspace\bobsgame ps4\orbis_debug\bobstring.o
c:\users\bob\workspace\bobsgame ps4\orbis_debug\bufferedimage.o
c:\users\bob\workspace\bobsgame ps4\orbis_debug\bobconsole.o
c:\users\bob\workspace\bobsgame ps4\orbis_debug\consoletext.o
c:\users\bob\workspace\bobsgame ps4\orbis_debug\bobtexture.o
c:\users\bob\workspace\bobsgame ps4\orbis_debug\logger.o
c:\users\bob\workspace\bobsgame ps4\orbis_debug\block.o
c:\users\bob\workspace\bobsgame ps4\orbis_debug\bobsgame.o
c:\users\bob\workspace\bobsgame ps4\orbis_debug\gamelogic.o
c:\users\bob\workspace\bobsgame ps4\orbis_debug\grid.o
c:\users\bob\workspace\bobsgame ps4\orbis_debug\piece.o
c:\users\bob\workspace\bobsgame ps4\orbis_debug\gametype.o
c:\users\bob\workspace\bobsgame ps4\orbis_debug\easing.o
c:\users\bob\workspace\bobsgame ps4\orbis_debug\fileutils.o
c:\users\bob\workspace\bobsgame ps4\orbis_debug\assetdata.o
c:\users\bob\workspace\bobsgame ps4\orbis_debug\audiomanager.o
c:\users\bob\workspace\bobsgame ps4\orbis_debug\bobfont.o
c:\users\bob\workspace\bobsgame ps4\orbis_debug\caption.o
c:\users\bob\workspace\bobsgame ps4\orbis_debug\captionmanager.o
c:\users\bob\workspace\bobsgame ps4\orbis_debug\controlsmanager.o
c:\users\bob\workspace\bobsgame ps4\orbis_debug\glutils.o
c:\users\bob\workspace\bobsgame ps4\orbis_debug\color.o
c:\users\bob\workspace\bobsgame ps4\orbis_debug\system.o
c:\users\bob\workspace\bobsgame ps4\orbis_debug\main.o
c:\users\bob\workspace\bobsgame ps4\orbis_debug\bobsgame.pch.sn-dbs-meta.json
c:\users\bob\workspace\bobsgame ps4\orbis_debug\bobsgame.tlog\custombuild.command.1.tlog
c:\users\bob\workspace\bobsgame ps4\orbis_debug\bobsgame.tlog\custombuild.read.1.tlog
c:\users\bob\workspace\bobsgame ps4\orbis_debug\bobsgame.tlog\custombuild.write.1.tlog
c:\users\bob\workspace\bobsgame ps4\orbis_debug\bobsgame.tlog\orbis-clang-cl.command.1.tlog
c:\users\bob\workspace\bobsgame ps4\orbis_debug\bobsgame.tlog\orbis-clang-cl.read.1.tlog
c:\users\bob\workspace\bobsgame ps4\orbis_debug\bobsgame.tlog\orbis-clang-cl.write.1.tlog
c:\users\bob\workspace\bobsgame ps4\orbis_debug\bobsgame.tlog\orbis-ld.command.1.tlog
c:\users\bob\workspace\bobsgame ps4\orbis_debug\bobsgame.tlog\orbis-ld.read.1.tlog
c:\users\bob\workspace\bobsgame ps4\orbis_debug\bobsgame.tlog\orbis-ld.write.1.tlog
